// Jest Snapshot v1, https://goo.gl/fbAQLP

exports[`arrays 1`] = `"INSERT INTO collections_public.field ( id, schemas ) VALUES ('450e3b3b-b68d-4abc-990c-65cb8a1dcdb4', '{a,b}');"`;

exports[`image/attachment 1`] = `"INSERT INTO collections_public.field ( id, name, image, upload ) VALUES ('450e3b3b-b68d-4abc-990c-65cb8a1dcdb4', 'name here', '{"url":"http://path/to/image.jpg"}', '{"url":"http://path/to/image.jpg"}');"`;

exports[`jsonb/json 1`] = `"INSERT INTO collections_public.field ( id, name, data ) VALUES ('450e3b3b-b68d-4abc-990c-65cb8a1dcdb4', 'name here', '{"a":1}');"`;

exports[`test case 1`] = `"INSERT INTO collections_public.field ( id, database_id, table_id, name, description ) VALUES ('391f5dfe-a251-43af-bee5-821e69214d20', '95482a0f-ed8e-447d-ab05-318650d2f328', '41c74ae0-b474-4aaf-b561-faadbadfc154', 'id', NULL), ('c32175b2-fe04-496a-8725-4ee35d6b2a3d', '95482a0f-ed8e-447d-ab05-318650d2f328', '41c74ae0-b474-4aaf-b561-faadbadfc154', 'owner_id', NULL);"`;

exports[`test case parser 1`] = `"INSERT INTO collections_public.field ( id, database_id, table_id, name, description ) VALUES ('450e3b3b-b68d-4abc-990c-65cb8a1dcdb4', '450e3b3b-b68d-4abc-990c-65cb8a1dcdb4', '450e3b3b-b68d-4abc-990c-65cb8a1dcdb4', 'name here', 'description');"`;
