// Jest Snapshot v1, https://goo.gl/fbAQLP

exports[`resolve works with cross deps resolves sql in proper order 1`] = `
"-- Deploy my-third:create_schema to pg

-- requires: my-second:create_table

BEGIN;

CREATE SCHEMA IF NOT EXISTS metaschema;

COMMIT;

-- Deploy my-third:create_table to pg

-- requires: my-third:create_schema

BEGIN;

CREATE TABLE metaschema.customers (
  id UUID PRIMARY KEY DEFAULT gen_random_uuid(),
  email TEXT UNIQUE NOT NULL,
  created_at TIMESTAMPTZ DEFAULT now(),
  last_active_at TIMESTAMPTZ
);

COMMIT;
"
`;
