// Jest Snapshot v1, https://goo.gl/fbAQLP

exports[`creates a user and fetches it: createUser 1`] = `
{
  "data": {
    "createUser": {
      "user": {
        "id": "[ID]",
        "username": "testuser1",
      },
    },
  },
}
`;
