// Jest Snapshot v1, https://goo.gl/fbAQLP

exports[`packageModule tests creates an extension 1`] = `
"\\echo Use "CREATE EXTENSION secrets" to load this file. \\quit
CREATE FUNCTION secretfunction() RETURNS text AS $$
select * from generate_secret();
$$ LANGUAGE sql STABLE"
`;

exports[`packageModule tests creates an extension via plan 1`] = `
"\\echo Use "CREATE EXTENSION secrets" to load this file. \\quit
CREATE FUNCTION secretfunction() RETURNS text AS $$
select * from generate_secret();
$$ LANGUAGE sql STABLE"
`;
