// Jest Snapshot v1, https://goo.gl/fbAQLP

exports[`test case 1`] = `"INSERT INTO collections_public.field ( id, database_id, table_id, name, description ) VALUES ('391f5dfe-a251-43af-bee5-821e69214d20', '95482a0f-ed8e-447d-ab05-318650d2f328', '41c74ae0-b474-4aaf-b561-faadbadfc154', 'id', NULL), ('c32175b2-fe04-496a-8725-4ee35d6b2a3d', '95482a0f-ed8e-447d-ab05-318650d2f328', '41c74ae0-b474-4aaf-b561-faadbadfc154', 'owner_id', NULL);"`;
