// Jest Snapshot v1, https://goo.gl/fbAQLP

exports[`extensions skitch extensions list 1`] = `
Array [
  "address_standardizer",
  "address_standardizer_data_us",
  "bloom",
  "btree_gin",
  "btree_gist",
  "citext",
  "hstore",
  "intarray",
  "pg_trgm",
  "pgcrypto",
  "plpgsql",
  "plperl",
  "plv8",
  "postgis_tiger_geocoder",
  "postgis_topology",
  "postgis",
  "postgres_fdw",
  "unaccent",
  "uuid-ossp",
  "myproject",
]
`;

exports[`extensions skitch extensions write 1`] = `
"# myproject extension
comment = 'myproject extension'
default_version = '0.0.1'
module_pathname = '$libdir/myproject'
requires = 'plpgsql,uuid-ossp,pgcrypto'
relocatable = false
superuser = false
  "
`;
