// Jest Snapshot v1, https://goo.gl/fbAQLP

exports[`installs skitch path sqitch install 1`] = `
Array [
  "deploy",
  "Makefile",
  "myproject.control",
  "package.json",
  "revert",
  "sqitch.conf",
  "sqitch.plan",
  "sql",
  "test",
  "test/first.gql.test.js",
  "test/first.sql.test.js",
  "test/utils",
  "test/utils/graphql.js",
  "test/utils/index.js",
  "verify",
]
`;

exports[`installs skitch path sqitch install 2`] = `
Array [
  "babel.config.js",
  "bin",
  "bin/install.sh",
  "bootstrap-roles.sql",
  "docker-compose.yml",
  "extensions",
  "extensions/skitch-extension-utils",
  "extensions/skitch-extension-utils/deploy",
  "extensions/skitch-extension-utils/deploy/procedures",
  "extensions/skitch-extension-utils/deploy/procedures/get_entity_from_str.sql",
  "extensions/skitch-extension-utils/deploy/procedures/get_schema_from_str.sql",
  "extensions/skitch-extension-utils/deploy/procedures/list_indexes.sql",
  "extensions/skitch-extension-utils/deploy/procedures/list_memberships.sql",
  "extensions/skitch-extension-utils/deploy/procedures/tg_update_timestamps.sql",
  "extensions/skitch-extension-utils/LICENSE",
  "extensions/skitch-extension-utils/Makefile",
  "extensions/skitch-extension-utils/package.json",
  "extensions/skitch-extension-utils/revert",
  "extensions/skitch-extension-utils/revert/procedures",
  "extensions/skitch-extension-utils/revert/procedures/get_entity_from_str.sql",
  "extensions/skitch-extension-utils/revert/procedures/get_schema_from_str.sql",
  "extensions/skitch-extension-utils/revert/procedures/list_indexes.sql",
  "extensions/skitch-extension-utils/revert/procedures/list_memberships.sql",
  "extensions/skitch-extension-utils/revert/procedures/tg_update_timestamps.sql",
  "extensions/skitch-extension-utils/skitch-extension-utils.control",
  "extensions/skitch-extension-utils/sqitch.conf",
  "extensions/skitch-extension-utils/sqitch.plan",
  "extensions/skitch-extension-utils/sql",
  "extensions/skitch-extension-utils/sql/skitch-extension-utils--0.0.7.sql",
  "extensions/skitch-extension-utils/verify",
  "extensions/skitch-extension-utils/verify/procedures",
  "extensions/skitch-extension-utils/verify/procedures/get_entity_from_str.sql",
  "extensions/skitch-extension-utils/verify/procedures/get_schema_from_str.sql",
  "extensions/skitch-extension-utils/verify/procedures/list_indexes.sql",
  "extensions/skitch-extension-utils/verify/procedures/list_memberships.sql",
  "extensions/skitch-extension-utils/verify/procedures/tg_update_timestamps.sql",
  "extensions/skitch-extension-verify",
  "extensions/skitch-extension-verify/deploy",
  "extensions/skitch-extension-verify/deploy/procedures",
  "extensions/skitch-extension-verify/deploy/procedures/verify_constraint.sql",
  "extensions/skitch-extension-verify/deploy/procedures/verify_domain.sql",
  "extensions/skitch-extension-verify/deploy/procedures/verify_extension.sql",
  "extensions/skitch-extension-verify/deploy/procedures/verify_function.sql",
  "extensions/skitch-extension-verify/deploy/procedures/verify_index.sql",
  "extensions/skitch-extension-verify/deploy/procedures/verify_membership.sql",
  "extensions/skitch-extension-verify/deploy/procedures/verify_policy.sql",
  "extensions/skitch-extension-verify/deploy/procedures/verify_role.sql",
  "extensions/skitch-extension-verify/deploy/procedures/verify_schema.sql",
  "extensions/skitch-extension-verify/deploy/procedures/verify_security.sql",
  "extensions/skitch-extension-verify/deploy/procedures/verify_table_grant.sql",
  "extensions/skitch-extension-verify/deploy/procedures/verify_table.sql",
  "extensions/skitch-extension-verify/deploy/procedures/verify_trigger.sql",
  "extensions/skitch-extension-verify/deploy/procedures/verify_type.sql",
  "extensions/skitch-extension-verify/deploy/procedures/verify_view.sql",
  "extensions/skitch-extension-verify/LICENSE",
  "extensions/skitch-extension-verify/Makefile",
  "extensions/skitch-extension-verify/package.json",
  "extensions/skitch-extension-verify/revert",
  "extensions/skitch-extension-verify/revert/procedures",
  "extensions/skitch-extension-verify/revert/procedures/verify_constraint.sql",
  "extensions/skitch-extension-verify/revert/procedures/verify_domain.sql",
  "extensions/skitch-extension-verify/revert/procedures/verify_extension.sql",
  "extensions/skitch-extension-verify/revert/procedures/verify_function.sql",
  "extensions/skitch-extension-verify/revert/procedures/verify_index.sql",
  "extensions/skitch-extension-verify/revert/procedures/verify_membership.sql",
  "extensions/skitch-extension-verify/revert/procedures/verify_policy.sql",
  "extensions/skitch-extension-verify/revert/procedures/verify_role.sql",
  "extensions/skitch-extension-verify/revert/procedures/verify_schema.sql",
  "extensions/skitch-extension-verify/revert/procedures/verify_security.sql",
  "extensions/skitch-extension-verify/revert/procedures/verify_table_grant.sql",
  "extensions/skitch-extension-verify/revert/procedures/verify_table.sql",
  "extensions/skitch-extension-verify/revert/procedures/verify_trigger.sql",
  "extensions/skitch-extension-verify/revert/procedures/verify_type.sql",
  "extensions/skitch-extension-verify/revert/procedures/verify_view.sql",
  "extensions/skitch-extension-verify/skitch-extension-verify.control",
  "extensions/skitch-extension-verify/sqitch.conf",
  "extensions/skitch-extension-verify/sqitch.plan",
  "extensions/skitch-extension-verify/sql",
  "extensions/skitch-extension-verify/sql/skitch-extension-verify--0.0.7.sql",
  "extensions/skitch-extension-verify/verify",
  "extensions/skitch-extension-verify/verify/procedures",
  "extensions/skitch-extension-verify/verify/procedures/verify_constraint.sql",
  "extensions/skitch-extension-verify/verify/procedures/verify_domain.sql",
  "extensions/skitch-extension-verify/verify/procedures/verify_extension.sql",
  "extensions/skitch-extension-verify/verify/procedures/verify_function.sql",
  "extensions/skitch-extension-verify/verify/procedures/verify_index.sql",
  "extensions/skitch-extension-verify/verify/procedures/verify_membership.sql",
  "extensions/skitch-extension-verify/verify/procedures/verify_policy.sql",
  "extensions/skitch-extension-verify/verify/procedures/verify_role.sql",
  "extensions/skitch-extension-verify/verify/procedures/verify_schema.sql",
  "extensions/skitch-extension-verify/verify/procedures/verify_security.sql",
  "extensions/skitch-extension-verify/verify/procedures/verify_table_grant.sql",
  "extensions/skitch-extension-verify/verify/procedures/verify_table.sql",
  "extensions/skitch-extension-verify/verify/procedures/verify_trigger.sql",
  "extensions/skitch-extension-verify/verify/procedures/verify_type.sql",
  "extensions/skitch-extension-verify/verify/procedures/verify_view.sql",
  "jest.config.js",
  "lerna.json",
  "Makefile",
  "myproject",
  "myproject/deploy",
  "myproject/Makefile",
  "myproject/myproject.control",
  "myproject/package.json",
  "myproject/revert",
  "myproject/sqitch.conf",
  "myproject/sqitch.plan",
  "myproject/sql",
  "myproject/test",
  "myproject/test/first.gql.test.js",
  "myproject/test/first.sql.test.js",
  "myproject/test/utils",
  "myproject/test/utils/graphql.js",
  "myproject/test/utils/index.js",
  "myproject/verify",
  "package.json",
  "readme.md",
  "skitch.json",
]
`;
