// Jest Snapshot v1, https://goo.gl/fbAQLP

exports[`should validate LaunchQL package dependencies 1`] = `
"Mismatched project name in deploy file:
          Expected project: secrets
          Found in line   : not_secrets
          Line            : -- Deploy not_secrets:procedures/secretfunction to pg"
`;
